[ 2027914ms] [ERROR] WebSocket connection to 'wss://s-gke-apse1-nssi4-3.asia-southeast1.firebasedatabase.app/.ws?v=5&ls=1iZUoVMSR08JtFP8kXbxBGujrY3TAamt&p=1:905883475961:web:0867646ecdfd28a6066728&ns=sedal-miracle-49697-default-rtdb' failed: Error in connection establishment: net::ERR_INTERNET_DISCONNECTED @ https://www.gstatic.com/firebasejs/12.12.0/firebase-database.js:0
[ 2029166ms] [ERROR] Failed to load resource: net::ERR_INTERNET_DISCONNECTED @ https://sedal-miracle-49697-default-rtdb.asia-southeast1.firebasedatabase.app/.lp?start=t&ser=7489931&cb=1&v=5&ls=1iZUoVMSR08JtFP8kXbxBGujrY3TAamt&p=1:905883475961:web:0867646ecdfd28a6066728&ns=sedal-miracle-49697-default-rtdb:0
[ 2029989ms] [ERROR] Failed to load resource: net::ERR_INTERNET_DISCONNECTED @ https://sedal-miracle-49697-default-rtdb.asia-southeast1.firebasedatabase.app/.lp?start=t&ser=49004011&cb=2&v=5&ls=1iZUoVMSR08JtFP8kXbxBGujrY3TAamt&p=1:905883475961:web:0867646ecdfd28a6066728&ns=sedal-miracle-49697-default-rtdb:0
[ 2030432ms] [ERROR] Failed to load resource: net::ERR_INTERNET_DISCONNECTED @ https://sedal-miracle-49697-default-rtdb.asia-southeast1.firebasedatabase.app/.lp?start=t&ser=70399406&cb=3&v=5&ls=1iZUoVMSR08JtFP8kXbxBGujrY3TAamt&p=1:905883475961:web:0867646ecdfd28a6066728&ns=sedal-miracle-49697-default-rtdb:0
[ 2032228ms] [ERROR] Failed to load resource: net::ERR_INTERNET_DISCONNECTED @ https://sedal-miracle-49697-default-rtdb.asia-southeast1.firebasedatabase.app/.lp?start=t&ser=9223189&cb=4&v=5&ls=1iZUoVMSR08JtFP8kXbxBGujrY3TAamt&p=1:905883475961:web:0867646ecdfd28a6066728&ns=sedal-miracle-49697-default-rtdb:0
[ 2035261ms] [ERROR] Failed to load resource: net::ERR_INTERNET_DISCONNECTED @ https://sedal-miracle-49697-default-rtdb.asia-southeast1.firebasedatabase.app/.lp?start=t&ser=50944173&cb=5&v=5&ls=1iZUoVMSR08JtFP8kXbxBGujrY3TAamt&p=1:905883475961:web:0867646ecdfd28a6066728&ns=sedal-miracle-49697-default-rtdb:0
[ 2036239ms] [ERROR] Failed to load resource: net::ERR_INTERNET_DISCONNECTED @ https://sedal-miracle-49697-default-rtdb.asia-southeast1.firebasedatabase.app/.lp?start=t&ser=62847961&cb=6&v=5&ls=1iZUoVMSR08JtFP8kXbxBGujrY3TAamt&p=1:905883475961:web:0867646ecdfd28a6066728&ns=sedal-miracle-49697-default-rtdb:0
[ 2037450ms] [ERROR] Failed to load resource: net::ERR_INTERNET_DISCONNECTED @ https://sedal-miracle-49697-default-rtdb.asia-southeast1.firebasedatabase.app/.lp?start=t&ser=30340052&cb=7&v=5&ls=1iZUoVMSR08JtFP8kXbxBGujrY3TAamt&p=1:905883475961:web:0867646ecdfd28a6066728&ns=sedal-miracle-49697-default-rtdb:0
[ 2041336ms] [ERROR] Failed to load resource: net::ERR_INTERNET_DISCONNECTED @ https://sedal-miracle-49697-default-rtdb.asia-southeast1.firebasedatabase.app/.lp?start=t&ser=90088028&cb=8&v=5&ls=1iZUoVMSR08JtFP8kXbxBGujrY3TAamt&p=1:905883475961:web:0867646ecdfd28a6066728&ns=sedal-miracle-49697-default-rtdb:0
[ 2050217ms] [ERROR] Failed to load resource: net::ERR_INTERNET_DISCONNECTED @ https://sedal-miracle-49697-default-rtdb.asia-southeast1.firebasedatabase.app/.lp?start=t&ser=33200513&cb=9&v=5&ls=1iZUoVMSR08JtFP8kXbxBGujrY3TAamt&p=1:905883475961:web:0867646ecdfd28a6066728&ns=sedal-miracle-49697-default-rtdb:0
[ 2050365ms] [ERROR] Failed to load resource: net::ERR_NAME_NOT_RESOLVED @ https://sedal-miracle-49697-default-rtdb.asia-southeast1.firebasedatabase.app/.lp?start=t&ser=80736080&cb=10&v=5&ls=1iZUoVMSR08JtFP8kXbxBGujrY3TAamt&p=1:905883475961:web:0867646ecdfd28a6066728&ns=sedal-miracle-49697-default-rtdb:0
[ 2083430ms] [ERROR] WebSocket connection to 'wss://s-gke-apse1-nssi4-3.asia-southeast1.firebasedatabase.app/.ws?v=5&ls=TlECYxhglEzR0NLC7LRRhIiW094c0CSH&p=1:905883475961:web:0867646ecdfd28a6066728&ns=sedal-miracle-49697-default-rtdb' failed: Error in connection establishment: net::ERR_INTERNET_DISCONNECTED @ https://www.gstatic.com/firebasejs/12.12.0/firebase-database.js:0
[ 2084153ms] [ERROR] Failed to load resource: net::ERR_INTERNET_DISCONNECTED @ https://sedal-miracle-49697-default-rtdb.asia-southeast1.firebasedatabase.app/.lp?start=t&ser=68253427&cb=12&v=5&ls=TlECYxhglEzR0NLC7LRRhIiW094c0CSH&p=1:905883475961:web:0867646ecdfd28a6066728&ns=sedal-miracle-49697-default-rtdb:0
[ 2084348ms] [ERROR] Failed to load resource: net::ERR_INTERNET_DISCONNECTED @ https://sedal-miracle-49697-default-rtdb.asia-southeast1.firebasedatabase.app/.lp?start=t&ser=97665697&cb=13&v=5&ls=TlECYxhglEzR0NLC7LRRhIiW094c0CSH&p=1:905883475961:web:0867646ecdfd28a6066728&ns=sedal-miracle-49697-default-rtdb:0
[ 2084972ms] [ERROR] Failed to load resource: net::ERR_INTERNET_DISCONNECTED @ https://sedal-miracle-49697-default-rtdb.asia-southeast1.firebasedatabase.app/.lp?start=t&ser=63903008&cb=14&v=5&ls=TlECYxhglEzR0NLC7LRRhIiW094c0CSH&p=1:905883475961:web:0867646ecdfd28a6066728&ns=sedal-miracle-49697-default-rtdb:0
[ 2087148ms] [ERROR] Failed to load resource: net::ERR_NAME_NOT_RESOLVED @ https://sedal-miracle-49697-default-rtdb.asia-southeast1.firebasedatabase.app/.lp?start=t&ser=94660150&cb=15&v=5&ls=TlECYxhglEzR0NLC7LRRhIiW094c0CSH&p=1:905883475961:web:0867646ecdfd28a6066728&ns=sedal-miracle-49697-default-rtdb:0
[ 2247720ms] [ERROR] WebSocket connection to 'wss://s-gke-apse1-nssi4-3.asia-southeast1.firebasedatabase.app/.ws?v=5&ls=Bj2GJ4BjZ9DcM9R21mmrp7gwRGyp0i5H&p=1:905883475961:web:0867646ecdfd28a6066728&ns=sedal-miracle-49697-default-rtdb' failed: Error in connection establishment: net::ERR_INTERNET_DISCONNECTED @ https://www.gstatic.com/firebasejs/12.12.0/firebase-database.js:0
[ 2248815ms] [ERROR] Failed to load resource: net::ERR_INTERNET_DISCONNECTED @ https://sedal-miracle-49697-default-rtdb.asia-southeast1.firebasedatabase.app/.lp?start=t&ser=44503164&cb=17&v=5&ls=Bj2GJ4BjZ9DcM9R21mmrp7gwRGyp0i5H&p=1:905883475961:web:0867646ecdfd28a6066728&ns=sedal-miracle-49697-default-rtdb:0
[ 2249388ms] [ERROR] Failed to load resource: net::ERR_INTERNET_DISCONNECTED @ https://sedal-miracle-49697-default-rtdb.asia-southeast1.firebasedatabase.app/.lp?start=t&ser=37500027&cb=18&v=5&ls=Bj2GJ4BjZ9DcM9R21mmrp7gwRGyp0i5H&p=1:905883475961:web:0867646ecdfd28a6066728&ns=sedal-miracle-49697-default-rtdb:0
[ 2251182ms] [ERROR] Failed to load resource: net::ERR_INTERNET_DISCONNECTED @ https://sedal-miracle-49697-default-rtdb.asia-southeast1.firebasedatabase.app/.lp?start=t&ser=68380109&cb=19&v=5&ls=Bj2GJ4BjZ9DcM9R21mmrp7gwRGyp0i5H&p=1:905883475961:web:0867646ecdfd28a6066728&ns=sedal-miracle-49697-default-rtdb:0
[ 2252145ms] [ERROR] Failed to load resource: net::ERR_INTERNET_DISCONNECTED @ https://sedal-miracle-49697-default-rtdb.asia-southeast1.firebasedatabase.app/.lp?start=t&ser=98216756&cb=20&v=5&ls=Bj2GJ4BjZ9DcM9R21mmrp7gwRGyp0i5H&p=1:905883475961:web:0867646ecdfd28a6066728&ns=sedal-miracle-49697-default-rtdb:0
[ 2253755ms] [ERROR] Failed to load resource: net::ERR_INTERNET_DISCONNECTED @ https://sedal-miracle-49697-default-rtdb.asia-southeast1.firebasedatabase.app/.lp?start=t&ser=24303146&cb=21&v=5&ls=Bj2GJ4BjZ9DcM9R21mmrp7gwRGyp0i5H&p=1:905883475961:web:0867646ecdfd28a6066728&ns=sedal-miracle-49697-default-rtdb:0
[ 2255603ms] [ERROR] Failed to load resource: net::ERR_INTERNET_DISCONNECTED @ https://sedal-miracle-49697-default-rtdb.asia-southeast1.firebasedatabase.app/.lp?start=t&ser=84902818&cb=22&v=5&ls=Bj2GJ4BjZ9DcM9R21mmrp7gwRGyp0i5H&p=1:905883475961:web:0867646ecdfd28a6066728&ns=sedal-miracle-49697-default-rtdb:0
[ 2258632ms] [ERROR] Failed to load resource: net::ERR_INTERNET_DISCONNECTED @ https://sedal-miracle-49697-default-rtdb.asia-southeast1.firebasedatabase.app/.lp?start=t&ser=97613138&cb=23&v=5&ls=Bj2GJ4BjZ9DcM9R21mmrp7gwRGyp0i5H&p=1:905883475961:web:0867646ecdfd28a6066728&ns=sedal-miracle-49697-default-rtdb:0
[ 2261496ms] [ERROR] Failed to load resource: net::ERR_INTERNET_DISCONNECTED @ https://sedal-miracle-49697-default-rtdb.asia-southeast1.firebasedatabase.app/.lp?start=t&ser=4728319&cb=24&v=5&ls=Bj2GJ4BjZ9DcM9R21mmrp7gwRGyp0i5H&p=1:905883475961:web:0867646ecdfd28a6066728&ns=sedal-miracle-49697-default-rtdb:0
[ 2264584ms] [ERROR] Failed to load resource: net::ERR_INTERNET_DISCONNECTED @ https://sedal-miracle-49697-default-rtdb.asia-southeast1.firebasedatabase.app/.lp?start=t&ser=47768818&cb=25&v=5&ls=Bj2GJ4BjZ9DcM9R21mmrp7gwRGyp0i5H&p=1:905883475961:web:0867646ecdfd28a6066728&ns=sedal-miracle-49697-default-rtdb:0
[ 2274753ms] [ERROR] Failed to load resource: net::ERR_INTERNET_DISCONNECTED @ https://sedal-miracle-49697-default-rtdb.asia-southeast1.firebasedatabase.app/.lp?start=t&ser=76442902&cb=26&v=5&ls=Bj2GJ4BjZ9DcM9R21mmrp7gwRGyp0i5H&p=1:905883475961:web:0867646ecdfd28a6066728&ns=sedal-miracle-49697-default-rtdb:0
[ 2289473ms] [ERROR] Failed to load resource: net::ERR_INTERNET_DISCONNECTED @ https://sedal-miracle-49697-default-rtdb.asia-southeast1.firebasedatabase.app/.lp?start=t&ser=19498326&cb=27&v=5&ls=Bj2GJ4BjZ9DcM9R21mmrp7gwRGyp0i5H&p=1:905883475961:web:0867646ecdfd28a6066728&ns=sedal-miracle-49697-default-rtdb:0
[ 3212654ms] [ERROR] Failed to load resource: net::ERR_INTERNET_DISCONNECTED @ https://sedal-miracle-49697-default-rtdb.asia-southeast1.firebasedatabase.app/.lp?start=t&ser=1767582&cb=28&v=5&ls=Bj2GJ4BjZ9DcM9R21mmrp7gwRGyp0i5H&p=1:905883475961:web:0867646ecdfd28a6066728&ns=sedal-miracle-49697-default-rtdb:0
[18948748ms] [ERROR] WebSocket connection to 'wss://s-gke-apse1-nssi4-3.asia-southeast1.firebasedatabase.app/.ws?v=5&ls=TYRh0YAfNRhYk0Eow7mPgbHihC5Cw65b&p=1:905883475961:web:0867646ecdfd28a6066728&ns=sedal-miracle-49697-default-rtdb' failed: Error in connection establishment: net::ERR_INTERNET_DISCONNECTED @ https://www.gstatic.com/firebasejs/12.12.0/firebase-database.js:0
[18949449ms] [ERROR] Failed to load resource: net::ERR_INTERNET_DISCONNECTED @ https://sedal-miracle-49697-default-rtdb.asia-southeast1.firebasedatabase.app/.lp?start=t&ser=17580812&cb=30&v=5&ls=TYRh0YAfNRhYk0Eow7mPgbHihC5Cw65b&p=1:905883475961:web:0867646ecdfd28a6066728&ns=sedal-miracle-49697-default-rtdb:0
[18949697ms] [ERROR] Failed to load resource: net::ERR_INTERNET_DISCONNECTED @ https://sedal-miracle-49697-default-rtdb.asia-southeast1.firebasedatabase.app/.lp?start=t&ser=358255&cb=31&v=5&ls=TYRh0YAfNRhYk0Eow7mPgbHihC5Cw65b&p=1:905883475961:web:0867646ecdfd28a6066728&ns=sedal-miracle-49697-default-rtdb:0
[18950612ms] [ERROR] Failed to load resource: net::ERR_INTERNET_DISCONNECTED @ https://sedal-miracle-49697-default-rtdb.asia-southeast1.firebasedatabase.app/.lp?start=t&ser=92251654&cb=32&v=5&ls=TYRh0YAfNRhYk0Eow7mPgbHihC5Cw65b&p=1:905883475961:web:0867646ecdfd28a6066728&ns=sedal-miracle-49697-default-rtdb:0
[18950949ms] [ERROR] Failed to load resource: net::ERR_INTERNET_DISCONNECTED @ https://sedal-miracle-49697-default-rtdb.asia-southeast1.firebasedatabase.app/.lp?start=t&ser=55666620&cb=33&v=5&ls=TYRh0YAfNRhYk0Eow7mPgbHihC5Cw65b&p=1:905883475961:web:0867646ecdfd28a6066728&ns=sedal-miracle-49697-default-rtdb:0
[18954029ms] [ERROR] Failed to load resource: net::ERR_INTERNET_DISCONNECTED @ https://sedal-miracle-49697-default-rtdb.asia-southeast1.firebasedatabase.app/.lp?start=t&ser=23989400&cb=34&v=5&ls=TYRh0YAfNRhYk0Eow7mPgbHihC5Cw65b&p=1:905883475961:web:0867646ecdfd28a6066728&ns=sedal-miracle-49697-default-rtdb:0
[18955307ms] [ERROR] Failed to load resource: net::ERR_INTERNET_DISCONNECTED @ https://sedal-miracle-49697-default-rtdb.asia-southeast1.firebasedatabase.app/.lp?start=t&ser=36241180&cb=35&v=5&ls=TYRh0YAfNRhYk0Eow7mPgbHihC5Cw65b&p=1:905883475961:web:0867646ecdfd28a6066728&ns=sedal-miracle-49697-default-rtdb:0
[18957489ms] [ERROR] Failed to load resource: net::ERR_INTERNET_DISCONNECTED @ https://sedal-miracle-49697-default-rtdb.asia-southeast1.firebasedatabase.app/.lp?start=t&ser=72027646&cb=36&v=5&ls=TYRh0YAfNRhYk0Eow7mPgbHihC5Cw65b&p=1:905883475961:web:0867646ecdfd28a6066728&ns=sedal-miracle-49697-default-rtdb:0
[18964048ms] [ERROR] Failed to load resource: net::ERR_INTERNET_DISCONNECTED @ https://sedal-miracle-49697-default-rtdb.asia-southeast1.firebasedatabase.app/.lp?start=t&ser=92048206&cb=37&v=5&ls=TYRh0YAfNRhYk0Eow7mPgbHihC5Cw65b&p=1:905883475961:web:0867646ecdfd28a6066728&ns=sedal-miracle-49697-default-rtdb:0
[18973712ms] [ERROR] Failed to load resource: net::ERR_INTERNET_DISCONNECTED @ https://sedal-miracle-49697-default-rtdb.asia-southeast1.firebasedatabase.app/.lp?start=t&ser=5379062&cb=38&v=5&ls=TYRh0YAfNRhYk0Eow7mPgbHihC5Cw65b&p=1:905883475961:web:0867646ecdfd28a6066728&ns=sedal-miracle-49697-default-rtdb:0
[18984084ms] [ERROR] Failed to load resource: net::ERR_INTERNET_DISCONNECTED @ https://sedal-miracle-49697-default-rtdb.asia-southeast1.firebasedatabase.app/.lp?start=t&ser=50253164&cb=39&v=5&ls=TYRh0YAfNRhYk0Eow7mPgbHihC5Cw65b&p=1:905883475961:web:0867646ecdfd28a6066728&ns=sedal-miracle-49697-default-rtdb:0
[24281855ms] [ERROR] Failed to load resource: net::ERR_INTERNET_DISCONNECTED @ https://securetoken.googleapis.com/v1/token?key=AIzaSyAGSTNRrj1zxa9ghBlF4qhDTdD2yFYMq8Q:0
[24289142ms] [ERROR] Failed to load resource: net::ERR_INTERNET_DISCONNECTED @ https://securetoken.googleapis.com/v1/token?key=AIzaSyAGSTNRrj1zxa9ghBlF4qhDTdD2yFYMq8Q:0
[24297889ms] [ERROR] Failed to load resource: net::ERR_INTERNET_DISCONNECTED @ https://securetoken.googleapis.com/v1/token?key=AIzaSyAGSTNRrj1zxa9ghBlF4qhDTdD2yFYMq8Q:0
[24620653ms] [ERROR] Failed to load resource: net::ERR_INTERNET_DISCONNECTED @ https://securetoken.googleapis.com/v1/token?key=AIzaSyAGSTNRrj1zxa9ghBlF4qhDTdD2yFYMq8Q:0
[24654382ms] [ERROR] Failed to load resource: net::ERR_INTERNET_DISCONNECTED @ https://securetoken.googleapis.com/v1/token?key=AIzaSyAGSTNRrj1zxa9ghBlF4qhDTdD2yFYMq8Q:0
[27596197ms] [ERROR] Failed to load resource: net::ERR_INTERNET_DISCONNECTED @ https://securetoken.googleapis.com/v1/token?key=AIzaSyAGSTNRrj1zxa9ghBlF4qhDTdD2yFYMq8Q:0
[29593775ms] [ERROR] Failed to load resource: net::ERR_INTERNET_DISCONNECTED @ https://securetoken.googleapis.com/v1/token?key=AIzaSyAGSTNRrj1zxa9ghBlF4qhDTdD2yFYMq8Q:0
[31548148ms] [ERROR] Failed to load resource: net::ERR_INTERNET_DISCONNECTED @ https://securetoken.googleapis.com/v1/token?key=AIzaSyAGSTNRrj1zxa9ghBlF4qhDTdD2yFYMq8Q:0
[44971279ms] [ERROR] Failed to load resource: net::ERR_INTERNET_DISCONNECTED @ https://securetoken.googleapis.com/v1/token?key=AIzaSyAGSTNRrj1zxa9ghBlF4qhDTdD2yFYMq8Q:0
[46192160ms] [ERROR] Failed to load resource: net::ERR_INTERNET_DISCONNECTED @ https://securetoken.googleapis.com/v1/token?key=AIzaSyAGSTNRrj1zxa9ghBlF4qhDTdD2yFYMq8Q:0
[47991318ms] [ERROR] Failed to load resource: net::ERR_INTERNET_DISCONNECTED @ https://securetoken.googleapis.com/v1/token?key=AIzaSyAGSTNRrj1zxa9ghBlF4qhDTdD2yFYMq8Q:0
[53492709ms] [ERROR] Failed to load resource: net::ERR_INTERNET_DISCONNECTED @ https://securetoken.googleapis.com/v1/token?key=AIzaSyAGSTNRrj1zxa9ghBlF4qhDTdD2yFYMq8Q:0
[60822842ms] [ERROR] Failed to load resource: net::ERR_INTERNET_DISCONNECTED @ https://securetoken.googleapis.com/v1/token?key=AIzaSyAGSTNRrj1zxa9ghBlF4qhDTdD2yFYMq8Q:0
[68153517ms] [ERROR] Failed to load resource: net::ERR_INTERNET_DISCONNECTED @ https://securetoken.googleapis.com/v1/token?key=AIzaSyAGSTNRrj1zxa9ghBlF4qhDTdD2yFYMq8Q:0
[75530875ms] [ERROR] WebSocket connection to 'wss://s-gke-apse1-nssi4-3.asia-southeast1.firebasedatabase.app/.ws?v=5&ls=xpseSKBpc8849THxKmm5pTmIkFbv91cx&p=1:905883475961:web:0867646ecdfd28a6066728&ns=sedal-miracle-49697-default-rtdb' failed: Error in connection establishment: net::ERR_INTERNET_DISCONNECTED @ https://www.gstatic.com/firebasejs/12.12.0/firebase-database.js:0
[75531116ms] [ERROR] Failed to load resource: net::ERR_INTERNET_DISCONNECTED @ https://sedal-miracle-49697-default-rtdb.asia-southeast1.firebasedatabase.app/.lp?start=t&ser=2615959&cb=41&v=5&ls=xpseSKBpc8849THxKmm5pTmIkFbv91cx&p=1:905883475961:web:0867646ecdfd28a6066728&ns=sedal-miracle-49697-default-rtdb:0
[75531183ms] [ERROR] Failed to load resource: net::ERR_INTERNET_DISCONNECTED @ https://sedal-miracle-49697-default-rtdb.asia-southeast1.firebasedatabase.app/.lp?start=t&ser=94930284&cb=42&v=5&ls=xpseSKBpc8849THxKmm5pTmIkFbv91cx&p=1:905883475961:web:0867646ecdfd28a6066728&ns=sedal-miracle-49697-default-rtdb:0
[75532238ms] [ERROR] Failed to load resource: net::ERR_INTERNET_DISCONNECTED @ https://sedal-miracle-49697-default-rtdb.asia-southeast1.firebasedatabase.app/.lp?start=t&ser=82626000&cb=43&v=5&ls=xpseSKBpc8849THxKmm5pTmIkFbv91cx&p=1:905883475961:web:0867646ecdfd28a6066728&ns=sedal-miracle-49697-default-rtdb:0
[75533769ms] [ERROR] Failed to load resource: net::ERR_INTERNET_DISCONNECTED @ https://sedal-miracle-49697-default-rtdb.asia-southeast1.firebasedatabase.app/.lp?start=t&ser=82975615&cb=44&v=5&ls=xpseSKBpc8849THxKmm5pTmIkFbv91cx&p=1:905883475961:web:0867646ecdfd28a6066728&ns=sedal-miracle-49697-default-rtdb:0
[75535734ms] [ERROR] Failed to load resource: net::ERR_INTERNET_DISCONNECTED @ https://sedal-miracle-49697-default-rtdb.asia-southeast1.firebasedatabase.app/.lp?start=t&ser=51046765&cb=45&v=5&ls=xpseSKBpc8849THxKmm5pTmIkFbv91cx&p=1:905883475961:web:0867646ecdfd28a6066728&ns=sedal-miracle-49697-default-rtdb:0
[75538292ms] [ERROR] Failed to load resource: net::ERR_INTERNET_DISCONNECTED @ https://sedal-miracle-49697-default-rtdb.asia-southeast1.firebasedatabase.app/.lp?start=t&ser=47318156&cb=46&v=5&ls=xpseSKBpc8849THxKmm5pTmIkFbv91cx&p=1:905883475961:web:0867646ecdfd28a6066728&ns=sedal-miracle-49697-default-rtdb:0
[75538984ms] [ERROR] Failed to load resource: net::ERR_INTERNET_DISCONNECTED @ https://sedal-miracle-49697-default-rtdb.asia-southeast1.firebasedatabase.app/.lp?start=t&ser=38577925&cb=47&v=5&ls=xpseSKBpc8849THxKmm5pTmIkFbv91cx&p=1:905883475961:web:0867646ecdfd28a6066728&ns=sedal-miracle-49697-default-rtdb:0
[75539766ms] [ERROR] Failed to load resource: net::ERR_NAME_NOT_RESOLVED @ https://sedal-miracle-49697-default-rtdb.asia-southeast1.firebasedatabase.app/.lp?start=t&ser=64762028&cb=48&v=5&ls=xpseSKBpc8849THxKmm5pTmIkFbv91cx&p=1:905883475961:web:0867646ecdfd28a6066728&ns=sedal-miracle-49697-default-rtdb:0
[75674677ms] [ERROR] WebSocket connection to 'wss://s-gke-apse1-nssi4-3.asia-southeast1.firebasedatabase.app/.ws?v=5&ls=OgE8fCmjc4pD9cxZG6DbFXen3RmPGtXA&p=1:905883475961:web:0867646ecdfd28a6066728&ns=sedal-miracle-49697-default-rtdb' failed: Error in connection establishment: net::ERR_INTERNET_DISCONNECTED @ https://www.gstatic.com/firebasejs/12.12.0/firebase-database.js:0
[75675060ms] [ERROR] Failed to load resource: net::ERR_INTERNET_DISCONNECTED @ https://sedal-miracle-49697-default-rtdb.asia-southeast1.firebasedatabase.app/.lp?start=t&ser=36400853&cb=50&v=5&ls=OgE8fCmjc4pD9cxZG6DbFXen3RmPGtXA&p=1:905883475961:web:0867646ecdfd28a6066728&ns=sedal-miracle-49697-default-rtdb:0
[75676143ms] [ERROR] Failed to load resource: net::ERR_INTERNET_DISCONNECTED @ https://sedal-miracle-49697-default-rtdb.asia-southeast1.firebasedatabase.app/.lp?start=t&ser=66918408&cb=51&v=5&ls=OgE8fCmjc4pD9cxZG6DbFXen3RmPGtXA&p=1:905883475961:web:0867646ecdfd28a6066728&ns=sedal-miracle-49697-default-rtdb:0
[75676316ms] [ERROR] Failed to load resource: net::ERR_INTERNET_DISCONNECTED @ https://sedal-miracle-49697-default-rtdb.asia-southeast1.firebasedatabase.app/.lp?start=t&ser=77613727&cb=52&v=5&ls=OgE8fCmjc4pD9cxZG6DbFXen3RmPGtXA&p=1:905883475961:web:0867646ecdfd28a6066728&ns=sedal-miracle-49697-default-rtdb:0
[75678916ms] [ERROR] Failed to load resource: net::ERR_INTERNET_DISCONNECTED @ https://sedal-miracle-49697-default-rtdb.asia-southeast1.firebasedatabase.app/.lp?start=t&ser=97067654&cb=53&v=5&ls=OgE8fCmjc4pD9cxZG6DbFXen3RmPGtXA&p=1:905883475961:web:0867646ecdfd28a6066728&ns=sedal-miracle-49697-default-rtdb:0
[75680579ms] [ERROR] Failed to load resource: net::ERR_INTERNET_DISCONNECTED @ https://sedal-miracle-49697-default-rtdb.asia-southeast1.firebasedatabase.app/.lp?start=t&ser=65549665&cb=54&v=5&ls=OgE8fCmjc4pD9cxZG6DbFXen3RmPGtXA&p=1:905883475961:web:0867646ecdfd28a6066728&ns=sedal-miracle-49697-default-rtdb:0
[75681014ms] [ERROR] Failed to load resource: net::ERR_INTERNET_DISCONNECTED @ https://sedal-miracle-49697-default-rtdb.asia-southeast1.firebasedatabase.app/.lp?start=t&ser=18843723&cb=55&v=5&ls=OgE8fCmjc4pD9cxZG6DbFXen3RmPGtXA&p=1:905883475961:web:0867646ecdfd28a6066728&ns=sedal-miracle-49697-default-rtdb:0
[75683154ms] [ERROR] Failed to load resource: net::ERR_INTERNET_DISCONNECTED @ https://sedal-miracle-49697-default-rtdb.asia-southeast1.firebasedatabase.app/.lp?start=t&ser=95822166&cb=56&v=5&ls=OgE8fCmjc4pD9cxZG6DbFXen3RmPGtXA&p=1:905883475961:web:0867646ecdfd28a6066728&ns=sedal-miracle-49697-default-rtdb:0
[75689770ms] [ERROR] Failed to load resource: net::ERR_INTERNET_DISCONNECTED @ https://sedal-miracle-49697-default-rtdb.asia-southeast1.firebasedatabase.app/.lp?start=t&ser=66432938&cb=57&v=5&ls=OgE8fCmjc4pD9cxZG6DbFXen3RmPGtXA&p=1:905883475961:web:0867646ecdfd28a6066728&ns=sedal-miracle-49697-default-rtdb:0
[75691040ms] [ERROR] Failed to load resource: net::ERR_INTERNET_DISCONNECTED @ https://sedal-miracle-49697-default-rtdb.asia-southeast1.firebasedatabase.app/.lp?start=t&ser=9380820&cb=58&v=5&ls=OgE8fCmjc4pD9cxZG6DbFXen3RmPGtXA&p=1:905883475961:web:0867646ecdfd28a6066728&ns=sedal-miracle-49697-default-rtdb:0
[75702651ms] [ERROR] Failed to load resource: net::ERR_INTERNET_DISCONNECTED @ https://sedal-miracle-49697-default-rtdb.asia-southeast1.firebasedatabase.app/.lp?start=t&ser=38318068&cb=59&v=5&ls=OgE8fCmjc4pD9cxZG6DbFXen3RmPGtXA&p=1:905883475961:web:0867646ecdfd28a6066728&ns=sedal-miracle-49697-default-rtdb:0
[75717144ms] [ERROR] Failed to load resource: net::ERR_INTERNET_DISCONNECTED @ https://sedal-miracle-49697-default-rtdb.asia-southeast1.firebasedatabase.app/.lp?start=t&ser=39383700&cb=60&v=5&ls=OgE8fCmjc4pD9cxZG6DbFXen3RmPGtXA&p=1:905883475961:web:0867646ecdfd28a6066728&ns=sedal-miracle-49697-default-rtdb:0
[75772554ms] [ERROR] Failed to load resource: net::ERR_INTERNET_DISCONNECTED @ https://sedal-miracle-49697-default-rtdb.asia-southeast1.firebasedatabase.app/.lp?start=t&ser=99454945&cb=61&v=5&ls=OgE8fCmjc4pD9cxZG6DbFXen3RmPGtXA&p=1:905883475961:web:0867646ecdfd28a6066728&ns=sedal-miracle-49697-default-rtdb:0
[75788397ms] [ERROR] WebSocket connection to 'wss://s-gke-apse1-nssi4-3.asia-southeast1.firebasedatabase.app/.ws?v=5&ls=aOECCmgVjzmC2reekdTc0TJ1xjqru4Wc&p=1:905883475961:web:0867646ecdfd28a6066728&ns=sedal-miracle-49697-default-rtdb' failed: Error in connection establishment: net::ERR_INTERNET_DISCONNECTED @ https://www.gstatic.com/firebasejs/12.12.0/firebase-database.js:0
[75789662ms] [ERROR] Failed to load resource: net::ERR_INTERNET_DISCONNECTED @ https://sedal-miracle-49697-default-rtdb.asia-southeast1.firebasedatabase.app/.lp?start=t&ser=74146707&cb=63&v=5&ls=aOECCmgVjzmC2reekdTc0TJ1xjqru4Wc&p=1:905883475961:web:0867646ecdfd28a6066728&ns=sedal-miracle-49697-default-rtdb:0
[75790769ms] [ERROR] Failed to load resource: net::ERR_INTERNET_DISCONNECTED @ https://sedal-miracle-49697-default-rtdb.asia-southeast1.firebasedatabase.app/.lp?start=t&ser=73042393&cb=64&v=5&ls=aOECCmgVjzmC2reekdTc0TJ1xjqru4Wc&p=1:905883475961:web:0867646ecdfd28a6066728&ns=sedal-miracle-49697-default-rtdb:0
[75792788ms] [ERROR] Failed to load resource: net::ERR_INTERNET_DISCONNECTED @ https://sedal-miracle-49697-default-rtdb.asia-southeast1.firebasedatabase.app/.lp?start=t&ser=80488973&cb=65&v=5&ls=aOECCmgVjzmC2reekdTc0TJ1xjqru4Wc&p=1:905883475961:web:0867646ecdfd28a6066728&ns=sedal-miracle-49697-default-rtdb:0
[75795325ms] [ERROR] Failed to load resource: net::ERR_INTERNET_DISCONNECTED @ https://sedal-miracle-49697-default-rtdb.asia-southeast1.firebasedatabase.app/.lp?start=t&ser=85425974&cb=66&v=5&ls=aOECCmgVjzmC2reekdTc0TJ1xjqru4Wc&p=1:905883475961:web:0867646ecdfd28a6066728&ns=sedal-miracle-49697-default-rtdb:0
[75795557ms] [ERROR] Failed to load resource: net::ERR_INTERNET_DISCONNECTED @ https://sedal-miracle-49697-default-rtdb.asia-southeast1.firebasedatabase.app/.lp?start=t&ser=97852802&cb=67&v=5&ls=aOECCmgVjzmC2reekdTc0TJ1xjqru4Wc&p=1:905883475961:web:0867646ecdfd28a6066728&ns=sedal-miracle-49697-default-rtdb:0
